// Jest Snapshot v1, https://goo.gl/fbAQLP

exports[`<Button> renders correctly and has white text by default 1`] = `
.c0 {
  color: #FAFAFA;
  background: #1B74B5;
  border-color: #1B74B5;
  border-radius: 4px;
  font-family: inherit;
  font-size: 0.6875rem;
  font-weight: 600;
  text-transform: uppercase;
  -webkit-letter-spacing: 1px;
  -moz-letter-spacing: 1px;
  -ms-letter-spacing: 1px;
  letter-spacing: 1px;
  position: relative;
  display: -webkit-inline-box;
  display: -webkit-inline-flex;
  display: -ms-inline-flexbox;
  display: inline-flex;
  -webkit-align-items: center;
  -webkit-box-align: center;
  -ms-flex-align: center;
  align-items: center;
  -webkit-box-pack: center;
  -webkit-justify-content: center;
  -ms-flex-pack: center;
  justify-content: center;
  width: auto;
  text-align: center;
  white-space: nowrap;
  cursor: pointer;
  outline: none;
  border-width: 1px;
  border-style: solid;
  box-shadow: 0 2px 4px rgba(0,0,0,.2);
  -webkit-appearance: none;
  -moz-appearance: none;
  appearance: none;
  overflow: hidden;
  -webkit-transition: all .2s cubic-bezier(0.41,0.094,0.54,0.07);
  transition: all .2s cubic-bezier(0.41,0.094,0.54,0.07);
  line-height: 1rem;
  padding: 0.625rem 0.75rem;
}

.c0:active {
  -webkit-transform: translateY(2px);
  -ms-transform: translateY(2px);
  transform: translateY(2px);
  box-shadow: 0 2px 4px rgba(0,0,0,.2);
}

.c0::before {
  background: rgba(250,250,250,0.05);
}

.c0[disabled] {
  color: #FAFAFA;
  background-color: #CCCCCC;
  pointer-events: none;
}

@media (max-width:670px) {
  .c0:hover {
    -webkit-transform: translateY(2px);
    -ms-transform: translateY(2px);
    transform: translateY(2px);
  }
}

@media (max-width:670px) {
  .c0 {
    padding: 0.9375rem;
  }
}

<button
  className="c0"
  size="auto"
>
  Test button
</button>
`;
