// Vitest Snapshot v1, https://vitest.dev/guide/snapshot.html

exports[`Inline Migration - Text Components > migrates Text components containing FormattedMessage to span with classNames > text-component.tsx 1`] = `
"import { Text } from 'welcome-ui/Text'

const FormattedMessage = ({
  defaultMessage,
  id,
}: {
  defaultMessage: string
  id: string
}): React.ReactNode => <span id={id}>{defaultMessage}</span>

export const TextComponent = () => {
  return (
    <div>
      <Text className="mt-md text-h3" as="h1" variant="h4">
        This is a paragraph with custom styling.
      </Text>
      <Text className="mt-auto text-center text-dark-50 text-sm" as="span">
        <FormattedMessage defaultMessage="Â© 2024 Acme Corp. All rights reserved." id="8XKXo+" />
      </Text>
    </div>
  )
}
"
`;
