// Vitest Snapshot v1, https://vitest.dev/guide/snapshot.html

exports[`Inline Migration - Field Components > migrates Field components with form props to Field with classNames > field-component.tsx 1`] = `
"import { Field } from 'welcome-ui/Field'
import { InputText } from 'welcome-ui/InputText'
import { Label } from 'welcome-ui/Label'

const register = (name: string, options?: object) => {
  return { name, ...options }
}

export const FieldComponent = () => {
  return (
    <form>
      <Field className="my-lg" error="my error message" label="Email" required>
        <Label className="items-center mb-sm"></Label>
        <InputText
          autoFocus
          dataTestId="wa-forgot-input-email"
          name="email"
          {...register('email', {
            pattern: 'This field has invalid format',
            required: 'This field is required',
            value: /fish/,
          })}
        />
      </Field>
    </form>
  )
}
"
`;
