// Vitest Snapshot v1, https://vitest.dev/guide/snapshot.html

exports[`Inline Migration - Alert Components > migrates Alert components with styling props to Alert with classNames > alert-component.tsx 1`] = `
"import { Alert } from 'welcome-ui/Alert'

export const AlertComponent = () => {
  return (
    <div>
      <Alert className="mb-lg" variant="success">
        Success message
      </Alert>
      <Alert className="mt-md p-lg rounded-md" variant="warning">
        Warning with custom styling
      </Alert>
    </div>
  )
}
"
`;
